=======================================================================
[2026-08-03T17:42:44.545Z] EMAIL SENT TO: admin@mail.com
SUBJECT: Apex Luxury Showroom - Password Reset Request
=======================================================================
APEX LUXURY SHOWROOM - ADMIN PASSWORD RESET

We received a request to reset the password for your Apex Showroom administrator account.

Please click the link below to reset your password (valid for 15 minutes):
http://localhost:5173/admin/reset-password?token=900967b8d3b44fa9369a58436a7604c3cc0475d0355a7a33c80cd00c04d1edb4

If you did not request this, you can ignore this email.

[HTML version of email is available]
=======================================================================

=======================================================================
[2026-08-03T17:52:15.155Z] EMAIL SENT TO: admin@mail.com
SUBJECT: Apex Luxury Showroom - Password Reset Request
=======================================================================
APEX LUXURY SHOWROOM - ADMIN PASSWORD RESET

We received a request to reset the password for your Apex Showroom administrator account.

Please click the link below to reset your password (valid for 15 minutes):
http://localhost:5173/admin/reset-password?token=03ebaa6a9933226c7a25d205a6171c770de6677755c0881b47e462f879ce1310

If you did not request this, you can ignore this email.

[HTML version of email is available]
=======================================================================

=======================================================================
[2026-08-03T18:30:25.630Z] EMAIL SENT TO: brontobyte11111@gmail.com
SUBJECT: Apex Luxury Showroom - Password Reset Request
=======================================================================
APEX LUXURY SHOWROOM - PASSWORD RESET REQUEST

We received a request to reset the password for your Apex Showroom administrator account.

Please click the link below to reset your password (valid for 15 minutes):
http://localhost:5173/admin/reset-password?token=7a26a375857c5471948c62066f5b409f01dc0b7798f222d6c7c23e1815eb2141

If you didn't request this, ignore this email.

[HTML version of email is available]
=======================================================================

=======================================================================
[2026-08-03T18:35:18.649Z] EMAIL SENT TO: brontobyte11111@gmail.com
SUBJECT: Apex Luxury Showroom - Password Reset Request
=======================================================================
APEX LUXURY SHOWROOM - PASSWORD RESET REQUEST

We received a request to reset the password for your Apex Showroom administrator account.

Please click the link below to reset your password (valid for 15 minutes):
http://localhost:5173/admin/reset-password?token=ed62278aa8d1c990f00351f7226ca9da6eb283e738835171f251779f6dc01e1a

If you didn't request this, ignore this email.

[HTML version of email is available]
=======================================================================

=======================================================================
[2026-08-03T18:38:48.102Z] EMAIL SENT TO: brontobyte11111@gmail.com
SUBJECT: Apex Luxury Showroom - Password Reset Request
=======================================================================
APEX LUXURY SHOWROOM - PASSWORD RESET REQUEST

We received a request to reset the password for your Apex Showroom administrator account.

Please click the link below to reset your password (valid for 15 minutes):
http://localhost:5173/admin/reset-password?token=ea5c20c1953f2f2dce7a373e3ccd90b96a4bcd6cc8313d083045b3acf5b7a2cb

If you didn't request this, ignore this email.

[HTML version of email is available]
=======================================================================

=======================================================================
[2026-08-03T18:44:16.275Z] EMAIL SENT TO: brontobyte11111@gmail.com
SUBJECT: Apex Luxury Showroom - Password Reset Request
=======================================================================
APEX LUXURY SHOWROOM - PASSWORD RESET REQUEST

We received a request to reset the password for your Apex Showroom administrator account.

Please click the link below to reset your password (valid for 15 minutes):
http://localhost:5173/admin/reset-password?token=c3c2e6d8b3b3e502a0d1bfb475706b12742d4ca1eb11f05bf33c1fc7d94919fe

If you didn't request this, ignore this email.

[HTML version of email is available]
=======================================================================

=======================================================================
[2026-08-03T18:47:09.371Z] EMAIL SENT TO: brontobyte11111@gmail.com
SUBJECT: Apex Luxury Showroom - Password Reset Request
=======================================================================
APEX LUXURY SHOWROOM - PASSWORD RESET REQUEST

We received a request to reset the password for your Apex Showroom administrator account.

Please click the link below to reset your password (valid for 15 minutes):
http://localhost:5173/admin/reset-password?token=2fca79ee2aa5046a0518ab0b4e960b0b9c7a053a1fea3598bd78b87eb596e975

If you didn't request this, ignore this email.

[HTML version of email is available]
=======================================================================

=======================================================================
[2026-08-03T19:19:17.238Z] EMAIL SENT TO: test-recipient-missing@example.com
SUBJECT: Apex Luxury Showroom - Password Reset Request
=======================================================================
APEX LUXURY SHOWROOM - PASSWORD RESET REQUEST

We received a request to reset the password for your Apex Showroom administrator account.

Please click the link below to reset your password (valid for 15 minutes):
http://localhost:5173/reset-password?token=testtoken_missing

If you didn't request this, ignore this email.

[HTML version of email is available]
=======================================================================

